axel@neptuno:~/repositorio_local/compus/tp0_version_14_10_19$ cat Pruebas/01_PruebaMatriz2MatricesChicasPrimeraSinErrorSegundaConError |./tp0
2 472 64 457 78 
matriz liberada
matriz liberada
matriz liberada
vector de inputs liberado

=======================
ERROR MESSAGE: Dimension no numerica
=======================

matriz liberada
matriz liberada
matriz liberada
vector de inputs liberado
axel@neptuno:~/repositorio_local/compus/tp0_version_14_10_19$ cat Pruebas/02_PruebaMatriz2MatricesGrandesPrimeraConErrorSegundaSinError |./tp0

=======================
ERROR MESSAGE: Input no numerico
=======================

matriz liberada
matriz liberada
matriz liberada
vector de inputs liberado
axel@neptuno:~/repositorio_local/compus/tp0_version_14_10_19$ cat Pruebas/03_PruebaMatriz2MatricesGrandesPrimeraSinErrorSegundaConError |./tp0
7 28 56 84 112 140 168 196 28 56 84 112 140 168 196 28 56 84 112 140 168 196 28 56 84 112 140 168 196 28 56 84 112 140 168 196 28 56 84 112 140 168 196 28 56 84 112 140 168 196 
matriz liberada
matriz liberada
matriz liberada
vector de inputs liberado

=======================
ERROR MESSAGE: La dimension no es entera positiva
=======================

matriz liberada
matriz liberada
matriz liberada
vector de inputs liberado
axel@neptuno:~/repositorio_local/compus/tp0_version_14_10_19$ 
axel@neptuno:~/repositorio_local/compus/tp0_version_14_10_19$ cat Pruebas/04_PruebaMatrizChicaProductoPorIdentidad |./tp0
2 4 8 9 7 
matriz liberada
matriz liberada
matriz liberada
vector de inputs liberado
axel@neptuno:~/repositorio_local/compus/tp0_version_14_10_19$ cat Pruebas/05_PruebaMatrizChicaProductoPorMatrizNula |./tp0
2 0 0 0 0 
matriz liberada
matriz liberada
matriz liberada
vector de inputs liberado
axel@neptuno:~/repositorio_local/compus/tp0_version_14_10_19$ cat Pruebas/06_PruebaMatrizDim1ElementoNoNumerico |./tp0

=======================
ERROR MESSAGE: Input no numerico
=======================

matriz liberada
matriz liberada
matriz liberada
vector de inputs liberado
axel@neptuno:~/repositorio_local/compus/tp0_version_14_10_19$ cat Pruebas/07_PruebaMatrizDim2ElementoNoNumerico |./tp0

=======================
ERROR MESSAGE: Input no numerico
=======================

matriz liberada
matriz liberada
matriz liberada
vector de inputs liberado
axel@neptuno:~/repositorio_local/compus/tp0_version_14_10_19$ cat Pruebas/08_PruebaMatrizDimChicaMuchasLineas |./tp0
2 92 88 83 82 
matriz liberada
matriz liberada
matriz liberada
vector de inputs liberado
2 92 88 83 82 
matriz liberada
matriz liberada
matriz liberada
vector de inputs liberado
2 92 88 83 82 
matriz liberada
matriz liberada
matriz liberada
vector de inputs liberado
2 92 88 83 82 
matriz liberada
matriz liberada
matriz liberada
vector de inputs liberado
2 92 88 83 82 
matriz liberada
matriz liberada
matriz liberada
vector de inputs liberado
2 92 88 83 82 
matriz liberada
matriz liberada
matriz liberada
vector de inputs liberado
2 92 88 83 82 
matriz liberada
matriz liberada
matriz liberada
vector de inputs liberado
2 92 88 83 82 
matriz liberada
matriz liberada
matriz liberada
vector de inputs liberado
2 92 88 83 82 
matriz liberada
matriz liberada
matriz liberada
vector de inputs liberado
2 92 88 83 82 
matriz liberada
matriz liberada
matriz liberada
vector de inputs liberado
2 92 88 83 82 
matriz liberada
matriz liberada
matriz liberada
vector de inputs liberado
2 92 88 83 82 
matriz liberada
matriz liberada
matriz liberada
vector de inputs liberado
2 92 88 83 82 
matriz liberada
matriz liberada
matriz liberada
vector de inputs liberado
2 92 88 83 82 
matriz liberada
matriz liberada
matriz liberada
vector de inputs liberado
2 92 88 83 82 
matriz liberada
matriz liberada
matriz liberada
vector de inputs liberado
2 92 88 83 82 
matriz liberada
matriz liberada
matriz liberada
vector de inputs liberado
2 92 88 83 82 
matriz liberada
matriz liberada
matriz liberada
vector de inputs liberado
2 92 88 83 82 
matriz liberada
matriz liberada
matriz liberada
vector de inputs liberado
2 92 88 83 82 
matriz liberada
matriz liberada
matriz liberada
vector de inputs liberado
2 92 88 83 82 
matriz liberada
matriz liberada
matriz liberada
vector de inputs liberado
2 92 88 83 82 
matriz liberada
matriz liberada
matriz liberada
vector de inputs liberado
2 92 88 83 82 
matriz liberada
matriz liberada
matriz liberada
vector de inputs liberado
2 92 88 83 82 
matriz liberada
matriz liberada
matriz liberada
vector de inputs liberado
2 92 88 83 82 
matriz liberada
matriz liberada
matriz liberada
vector de inputs liberado
2 92 88 83 82 
matriz liberada
matriz liberada
matriz liberada
vector de inputs liberado
2 92 88 83 82 
matriz liberada
matriz liberada
matriz liberada
vector de inputs liberado
2 92 88 83 82 
matriz liberada
matriz liberada
matriz liberada
vector de inputs liberado
2 92 88 83 82 
matriz liberada
matriz liberada
matriz liberada
vector de inputs liberado
2 92 88 83 82 
matriz liberada
matriz liberada
matriz liberada
vector de inputs liberado
2 92 88 83 82 
matriz liberada
matriz liberada
matriz liberada
vector de inputs liberado
2 92 88 83 82 
matriz liberada
matriz liberada
matriz liberada
vector de inputs liberado
2 92 88 83 82 
matriz liberada
matriz liberada
matriz liberada
vector de inputs liberado
2 92 88 83 82 
matriz liberada
matriz liberada
matriz liberada
vector de inputs liberado
2 92 88 83 82 
matriz liberada
matriz liberada
matriz liberada
vector de inputs liberado
1 8 
matriz liberada
matriz liberada
matriz liberada
vector de inputs liberado
3 52954.4 60756.4 22938.7 562.87 57914.8 64915 541.31 1189 950 
matriz liberada
matriz liberada
matriz liberada
vector de inputs liberado
3 52954.4 60756.4 22938.7 562.87 57914.8 64915 541.31 1189 950 
matriz liberada
matriz liberada
matriz liberada
vector de inputs liberado
3 52954.4 60756.4 22938.7 562.87 57914.8 64915 541.31 1189 950 
matriz liberada
matriz liberada
matriz liberada
vector de inputs liberado
3 52954.4 60756.4 22938.7 562.87 57914.8 64915 541.31 1189 950 
matriz liberada
matriz liberada
matriz liberada
vector de inputs liberado
3 52954.4 60756.4 22938.7 562.87 57914.8 64915 541.31 1189 950 
matriz liberada
matriz liberada
matriz liberada
vector de inputs liberado
3 52954.4 60756.4 22938.7 562.87 57914.8 64915 541.31 1189 950 
matriz liberada
matriz liberada
matriz liberada
vector de inputs liberado
3 52954.4 60756.4 22938.7 562.87 57914.8 64915 541.31 1189 950 
matriz liberada
matriz liberada
matriz liberada
vector de inputs liberado
axel@neptuno:~/repositorio_local/compus/tp0_version_14_10_19$ 
axel@neptuno:~/repositorio_local/tp0_version_14_10_19$ cat Pruebas/09_PruebaMatrizDimEs0 |./tp0

=======================
ERROR MESSAGE: La dimension no es entera positiva
=======================

matriz liberada
matriz liberada
matriz liberada
vector de inputs liberado
axel@neptuno:~/repositorio_local/tp0_version_14_10_19$ 
axel@neptuno:~/repositorio_local/tp0_version_14_10_19$ cat Pruebas/10_PruebaMatrizDimEsNegativa |./tp0

=======================
ERROR MESSAGE: La dimension no es entera positiva
=======================

matriz liberada
matriz liberada
matriz liberada
vector de inputs liberado
axel@neptuno:~/repositorio_local/tp0_version_14_10_19$ cat Pruebas/11_PruebaMatrizDimMayorACantidadDeElementos |./tp0

=======================
ERROR MESSAGE: No coincide dimension con cantidad de elementos ingresados
=======================

matriz liberada
matriz liberada
matriz liberada
vector de inputs liberado
axel@neptuno:~/repositorio_local/tp0_version_14_10_19$ cat Pruebas/12_PruebaMatrizDimNoEnteroEsFloat |./tp0

=======================
ERROR MESSAGE: La dimension no es entera positiva
=======================

matriz liberada
matriz liberada
matriz liberada
vector de inputs liberado
axel@neptuno:~/repositorio_local/tp0_version_14_10_19$ cat Pruebas/13_PruebaMatrizDimNoEnteroEsString |./tp0

=======================
ERROR MESSAGE: Dimension no numerica
=======================

matriz liberada
matriz liberada
matriz liberada
vector de inputs liberado
axel@neptuno:~/repositorio_local/tp0_version_14_10_19$ cat Pruebas/14_PruebaMatrizGrandeDim5DimEsCero |./tp0

=======================
ERROR MESSAGE: La dimension no es entera positiva
=======================

matriz liberada
matriz liberada
matriz liberada
vector de inputs liberado
axel@neptuno:~/repositorio_local/tp0_version_14_10_19$ cat Pruebas/15_PruebaMatrizGrandeDim5DimEsNegativa |./tp0

=======================
ERROR MESSAGE: La dimension no es entera positiva
=======================

matriz liberada
matriz liberada
matriz liberada
vector de inputs liberado
axel@neptuno:~/repositorio_local/tp0_version_14_10_19$ cat Pruebas/16_PruebaMatrizGrandeDim5DimNoEnteroEsFloat |./tp0

=======================
ERROR MESSAGE: La dimension no es entera positiva
=======================

matriz liberada
matriz liberada
matriz liberada
vector de inputs liberado
axel@neptuno:~/repositorio_local/tp0_version_14_10_19$ cat Pruebas/17_PruebaMatrizGrandeDim5DimNoEnteroEsString |./tp0

=======================
ERROR MESSAGE: Dimension no numerica
=======================

matriz liberada
matriz liberada
matriz liberada
vector de inputs liberado
axel@neptuno:~/repositorio_local/tp0_version_14_10_19$ cat Pruebas/18_PruebaMatrizGrandeDim5ElementoNoNumerico |./tp0

=======================
ERROR MESSAGE: Input no numerico
=======================

matriz liberada
matriz liberada
matriz liberada
vector de inputs liberado
axel@neptuno:~/repositorio_local/compus/tp0_version_14_10_19$ cat Pruebas/19_PruebaMatrizGrandeDim5MayorCantidadDeElementos |./tp0

=======================
ERROR MESSAGE: No coincide dimension con cantidad de elementos ingresados
=======================

matriz liberada
matriz liberada
matriz liberada
vector de inputs liberado
axel@neptuno:~/repositorio_local/compus/tp0_version_14_10_19$ 
axel@neptuno:~/repositorio_local/tp0_version_14_10_19$ cat Pruebas/20_PruebaMatrizGrandeDim5MenorCantidadDeElementos |./tp0

=======================
ERROR MESSAGE: No coincide dimension con cantidad de elementos ingresados
=======================

matriz liberada
matriz liberada
matriz liberada
vector de inputs liberado
axel@neptuno:~/repositorio_local/tp0_version_14_10_19$ cat Pruebas/21_PruebaMatrizGrandeProductoPorIdentidad |./tp0
7 1 1 2 3 4 5 6 7 1 2 3 4 5 6 7 1 2 3 4 5 6 7 1 2 3 4 5 6 7 1 2 3 4 5 6 7 1 2 3 4 5 6 7 1 2 3 4 5 6 
matriz liberada
matriz liberada
matriz liberada
vector de inputs liberado
axel@neptuno:~/repositorio_local/tp0_version_14_10_19$ cat Pruebas/22_PruebaMatrizGrandeProductoPorMatrizNula |./tp0
7 0 0 0 0 0 0 0 0 0 0 0 0 0 0 0 0 0 0 0 0 0 0 0 0 0 0 0 0 0 0 0 0 0 0 0 0 0 0 0 0 0 0 0 0 0 0 0 0 0 
matriz liberada
matriz liberada
matriz liberada
vector de inputs liberado
axel@neptuno:~/repositorio_local/tp0_version_14_10_19$ cat Pruebas/23_PruebaMatrizGrandeVariasLineas |./tp0
5 15 30 45 60 75 15 30 45 60 75 15 30 45 60 75 15 30 45 60 75 15 30 45 60 75 
matriz liberada
matriz liberada
matriz liberada
vector de inputs liberado
5 15 30 45 60 75 15 30 45 60 75 15 30 45 60 75 15 30 45 60 75 15 30 45 60 75 
matriz liberada
matriz liberada
matriz liberada
vector de inputs liberado
5 15 30 45 60 75 15 30 45 60 75 15 30 45 60 75 15 30 45 60 75 15 30 45 60 75 
matriz liberada
matriz liberada
matriz liberada
vector de inputs liberado
5 15 30 45 60 75 15 30 45 60 75 15 30 45 60 75 15 30 45 60 75 15 30 45 60 75 
matriz liberada
matriz liberada
matriz liberada
vector de inputs liberado
5 15 30 45 60 75 15 30 45 60 75 15 30 45 60 75 15 30 45 60 75 15 30 45 60 75 
matriz liberada
matriz liberada
matriz liberada
vector de inputs liberado
5 15 30 45 60 75 15 30 45 60 75 15 30 45 60 75 15 30 45 60 75 15 30 45 60 75 
matriz liberada
matriz liberada
matriz liberada
vector de inputs liberado
5 15 30 45 60 75 15 30 45 60 75 15 30 45 60 75 15 30 45 60 75 15 30 45 60 75 
matriz liberada
matriz liberada
matriz liberada
vector de inputs liberado
5 35.3 1350.6 257.55 1550.3 176.355 14 1308 193.65 1337 74.85 46.32 1372.64 290.61 1466.28 231.455 15 1310 196.65 1341 74.855 235 1750 856.65 96161 1174.85 
matriz liberada
matriz liberada
matriz liberada
vector de inputs liberado
5 35.3 1350.6 257.55 1550.3 176.355 14 1308 193.65 1337 74.85 46.32 1372.64 290.61 1466.28 231.455 15 1310 196.65 1341 74.855 235 1750 856.65 96161 1174.85 
matriz liberada
matriz liberada
matriz liberada
vector de inputs liberado
5 35.3 1350.6 257.55 1550.3 176.355 14 1308 193.65 1337 74.85 46.32 1372.64 290.61 1466.28 231.455 15 1310 196.65 1341 74.855 235 1750 856.65 96161 1174.85 
matriz liberada
matriz liberada
matriz liberada
vector de inputs liberado
5 35.3 1350.6 257.55 1550.3 176.355 14 1308 193.65 1337 74.85 46.32 1372.64 290.61 1466.28 231.455 15 1310 196.65 1341 74.855 235 1750 856.65 96161 1174.85 
matriz liberada
matriz liberada
matriz liberada
vector de inputs liberado
5 35.3 1350.6 257.55 1550.3 176.355 14 1308 193.65 1337 74.85 46.32 1372.64 290.61 1466.28 231.455 15 1310 196.65 1341 74.855 235 1750 856.65 96161 1174.85 
matriz liberada
matriz liberada
matriz liberada
vector de inputs liberado
5 35.3 1350.6 257.55 1550.3 176.355 14 1308 193.65 1337 74.85 46.32 1372.64 290.61 1466.28 231.455 15 1310 196.65 1341 74.855 235 1750 856.65 96161 1174.85 
matriz liberada
matriz liberada
matriz liberada
vector de inputs liberado
5 35.3 1350.6 257.55 1550.3 176.355 14 1308 193.65 1337 74.85 46.32 1372.64 290.61 1466.28 231.455 15 1310 196.65 1341 74.855 235 1750 856.65 96161 1174.85 
matriz liberada
matriz liberada
matriz liberada
vector de inputs liberado
5 35.3 1350.6 257.55 1550.3 176.355 14 1308 193.65 1337 74.85 46.32 1372.64 290.61 1466.28 231.455 15 1310 196.65 1341 74.855 235 1750 856.65 96161 1174.85 
matriz liberada
matriz liberada
matriz liberada
vector de inputs liberado
7 28 56 84 112 140 168 196 28 56 84 112 140 168 196 28 56 84 112 140 168 196 28 56 84 112 140 168 196 28 56 84 112 140 168 196 28 56 84 112 140 168 196 28 56 84 112 140 168 196 
matriz liberada
matriz liberada
matriz liberada
vector de inputs liberado
7 28 56 84 112 140 168 196 28 56 84 112 140 168 196 28 56 84 112 140 168 196 28 56 84 112 140 168 196 28 56 84 112 140 168 196 28 56 84 112 140 168 196 28 56 84 112 140 168 196 
matriz liberada
matriz liberada
matriz liberada
vector de inputs liberado
7 28 56 84 112 140 168 196 28 56 84 112 140 168 196 28 56 84 112 140 168 196 28 56 84 112 140 168 196 28 56 84 112 140 168 196 28 56 84 112 140 168 196 28 56 84 112 140 168 196 
matriz liberada
matriz liberada
matriz liberada
vector de inputs liberado
7 28 56 84 112 140 168 196 28 56 84 112 140 168 196 28 56 84 112 140 168 196 28 56 84 112 140 168 196 28 56 84 112 140 168 196 28 56 84 112 140 168 196 28 56 84 112 140 168 196 
matriz liberada
matriz liberada
matriz liberada
vector de inputs liberado
7 28 56 84 112 140 168 196 28 56 84 112 140 168 196 28 56 84 112 140 168 196 28 56 84 112 140 168 196 28 56 84 112 140 168 196 28 56 84 112 140 168 196 28 56 84 112 140 168 196 
matriz liberada
matriz liberada
matriz liberada
vector de inputs liberado
7 28 56 84 112 140 168 196 28 56 84 112 140 168 196 28 56 84 112 140 168 196 28 56 84 112 140 168 196 28 56 84 112 140 168 196 28 56 84 112 140 168 196 28 56 84 112 140 168 196 
matriz liberada
matriz liberada
matriz liberada
vector de inputs liberado
7 28 56 84 112 140 168 196 28 56 84 112 140 168 196 28 56 84 112 140 168 196 28 56 84 112 140 168 196 28 56 84 112 140 168 196 28 56 84 112 140 168 196 28 56 84 112 140 168 196 
matriz liberada
matriz liberada
matriz liberada
vector de inputs liberado
7 28 56 84 112 140 168 196 28 56 84 112 140 168 196 28 56 84 112 140 168 196 28 56 84 112 140 168 196 28 56 84 112 140 168 196 28 56 84 112 140 168 196 28 56 84 112 140 168 196 
matriz liberada
matriz liberada
matriz liberada
vector de inputs liberado
7 28 56 84 112 140 168 196 28 56 84 112 140 168 196 28 56 84 112 140 168 196 28 56 84 112 140 168 196 28 56 84 112 140 168 196 28 56 84 112 140 168 196 28 56 84 112 140 168 196 
matriz liberada
matriz liberada
matriz liberada
vector de inputs liberado
7 28 56 84 112 140 168 196 28 56 84 112 140 168 196 28 56 84 112 140 168 196 28 56 84 112 140 168 196 28 56 84 112 140 168 196 28 56 84 112 140 168 196 28 56 84 112 140 168 196 
matriz liberada
matriz liberada
matriz liberada
vector de inputs liberado
7 28 56 84 112 140 168 196 28 56 84 112 140 168 196 28 56 84 112 140 168 196 28 56 84 112 140 168 196 28 56 84 112 140 168 196 28 56 84 112 140 168 196 28 56 84 112 140 168 196 
matriz liberada
matriz liberada
matriz liberada
vector de inputs liberado
1 30 
matriz liberada
matriz liberada
matriz liberada
vector de inputs liberado
2 7 10 15 22 
matriz liberada
matriz liberada
matriz liberada
vector de inputs liberado
1 30 
matriz liberada
matriz liberada
matriz liberada
vector de inputs liberado
2 7 10 15 22 
matriz liberada
matriz liberada
matriz liberada
vector de inputs liberado
1 30 
matriz liberada
matriz liberada
matriz liberada
vector de inputs liberado
2 7 10 15 22 
matriz liberada
matriz liberada
matriz liberada
vector de inputs liberado
1 30 
matriz liberada
matriz liberada
matriz liberada
vector de inputs liberado
2 7 10 15 22 
matriz liberada
matriz liberada
matriz liberada
vector de inputs liberado
5 35.3 1350.6 257.55 1550.3 176.355 14 1308 193.65 1337 74.85 46.32 1372.64 290.61 1466.28 231.455 15 1310 196.65 1341 74.855 235 1750 856.65 96161 1174.85 
matriz liberada
matriz liberada
matriz liberada
vector de inputs liberado
7 28 56 84 112 140 168 196 28 56 84 112 140 168 196 28 56 84 112 140 168 196 28 56 84 112 140 168 196 28 56 84 112 140 168 196 28 56 84 112 140 168 196 28 56 84 112 140 168 196 
matriz liberada
matriz liberada
matriz liberada
vector de inputs liberado
axel@neptuno:~/repositorio_local/tp0_version_14_10_19$ cat Pruebas/24_PruebaMatrizChicaProductoPorInversa |./tp0
2 1 -2.98023e-08 -1.49012e-08 1 
matriz liberada
matriz liberada
matriz liberada
vector de inputs liberado
axel@neptuno:~/repositorio_local/tp0_version_14_10_19$ cat Pruebas/25_PruebaMatrizGrandeProductoPorInversa |./tp0
4 1.00001 -1.99899e-05 2.23517e-08 1.99998e-05 -1.00136e-05 1 2.23517e-08 1.99998e-05 9.99868e-06 -1.99974e-05 0.99999 9.99946e-06 0.000360146 -0.000440441 -0.000358783 0.9999 
matriz liberada
matriz liberada
matriz liberada
vector de inputs liberado
axel@neptuno:~/repositorio_local/tp0_version_14_10_19$ cat Pruebas/26_exampleCatedra.txt |./tp0
2 7 10 15 22 
matriz liberada
matriz liberada
matriz liberada
vector de inputs liberado
3 1 2 3 4 5 6.1 3 2 1 
matriz liberada
matriz liberada
matriz liberada
vector de inputs liberado
axel@neptuno:~/repositorio_local/tp0_version_14_10_19$ 

